{"HostConfigHash":null,"CardHash":"f06a3ce","Error":null}