{"HostConfigHash":null,"CardHash":"510cc0f","Error":null}