{"HostConfigHash":"569178d","CardHash":"f06a3ce","Error":null}