{"actions":[{"targetElements":["fishId","fishLableId"],"title":"No More Fish!","type":"Action.ToggleVisibility"},{"targetElements":["moreMammalsId","moreMammalsLableId"],"title":"More Mammals!","type":"Action.ToggleVisibility"}],"body":[{"size":"Large","text":"1 Mammal","type":"TextBlock"},{"animalCount":1,"animalType":"Mammals","separator":true,"spacing":"Large","type":"AnimalGrid"},{"id":"moreMammalsLableId","isVisible":false,"size":"Large","text":"5 Mammals","type":"TextBlock"},{"animalCount":5,"animalType":"Mammals","id":"moreMammalsId","isVisible":false,"separator":true,"spacing":"Large","type":"AnimalGrid"},{"size":"Large","text":"2 Birds","type":"TextBlock"},{"animalCount":2,"animalType":"Birds","separator":true,"spacing":"Large","type":"AnimalGrid"},{"id":"fishLableId","size":"Large","text":"3 Fish","type":"TextBlock"},{"animalCount":3,"animalType":"Fish","id":"fishId","separator":true,"spacing":"Large","type":"AnimalGrid"},{"size":"Large","text":"4 Reptiles","type":"TextBlock"},{"animalCount":4,"animalType":"Reptiles","separator":true,"spacing":"Large","type":"AnimalGrid"},{"size":"Large","text":"5 Insects","type":"TextBlock"},{"animalCount":5,"animalType":"Insects","separator":true,"spacing":"Large","type":"AnimalGrid"}],"type":"AdaptiveCard","version":"1.0"}